16:35:42 **** Incremental Build of configuration Debug for project Lab07 ****
make -j16 all 
arm-none-eabi-gcc "../Core/Src/main.c" -mcpu=cortex-m7 -std=gnu11 -g3 -DDEBUG -DUSE_HAL_DRIVER -DSTM32F767xx -c -I../Core/Inc -I../Drivers/STM32F7xx_HAL_Driver/Inc -I../Drivers/STM32F7xx_HAL_Driver/Inc/Legacy -I../Drivers/CMSIS/Device/ST/STM32F7xx/Include -I../Drivers/CMSIS/Include -O0 -ffunction-sections -fdata-sections -Wall -fstack-usage -fcyclomatic-complexity -MMD -MP -MF"Core/Src/main.d" -MT"Core/Src/main.o" --specs=nano.specs -mfpu=fpv5-d16 -mfloat-abi=hard -mthumb -o "Core/Src/main.o"
../Core/Src/main.c: In function 'main':
../Core/Src/main.c:119:37: warning: pointer targets in passing argument 2 of 'HAL_UART_Receive' differ in signedness [-Wpointer-sign]
  119 |           HAL_UART_Receive(&huart3, &ch, 1, HAL_MAX_DELAY);
      |                                     ^~~
      |                                     |
      |                                     char *
In file included from ../Core/Inc/stm32f7xx_hal_conf.h:415,
                 from ../Drivers/STM32F7xx_HAL_Driver/Inc/stm32f7xx_hal.h:29,
                 from ../Core/Inc/main.h:30,
                 from ../Core/Src/main.c:20:
../Drivers/STM32F7xx_HAL_Driver/Inc/stm32f7xx_hal_uart.h:1558:72: note: expected 'uint8_t *' {aka 'unsigned char *'} but argument is of type 'char *'
 1558 | HAL_StatusTypeDef HAL_UART_Receive(UART_HandleTypeDef *huart, uint8_t *pData, uint16_t Size, uint32_t Timeout);
      |                                                               ~~~~~~~~~^~~~~
../Core/Src/main.c:120:38: warning: pointer targets in passing argument 2 of 'HAL_UART_Transmit' differ in signedness [-Wpointer-sign]
  120 |           HAL_UART_Transmit(&huart3, &ch, 1, HAL_MAX_DELAY);
      |                                      ^~~
      |                                      |
      |                                      char *
../Drivers/STM32F7xx_HAL_Driver/Inc/stm32f7xx_hal_uart.h:1557:79: note: expected 'const uint8_t *' {aka 'const unsigned char *'} but argument is of type 'char *'
 1557 | HAL_StatusTypeDef HAL_UART_Transmit(UART_HandleTypeDef *huart, const uint8_t *pData, uint16_t Size, uint32_t Timeout);
      |                                                                ~~~~~~~~~~~~~~~^~~~~
../Core/Src/main.c:123:52: warning: implicit declaration of function 'strlen' [-Wimplicit-function-declaration]
  123 |           HAL_UART_Transmit(&huart3, (uint8_t*)nl, strlen(nl), HAL_MAX_DELAY);
      |                                                    ^~~~~~
../Core/Src/main.c:24:1: note: include '<string.h>' or provide a declaration of 'strlen'
   23 | #include "gpio.h"
  +++ |+#include <string.h>
   24 | 
../Core/Src/main.c:123:52: warning: incompatible implicit declaration of built-in function 'strlen' [-Wbuiltin-declaration-mismatch]
  123 |           HAL_UART_Transmit(&huart3, (uint8_t*)nl, strlen(nl), HAL_MAX_DELAY);
      |                                                    ^~~~~~
../Core/Src/main.c:123:52: note: include '<string.h>' or provide a declaration of 'strlen'
../Core/Src/main.c:149:7: warning: implicit declaration of function 'sprintf' [-Wimplicit-function-declaration]
  149 |       sprintf(msg, "R=%.2f, G=%.2f, B=%.2f\r\n", dutyR, dutyG, dutyB);
      |       ^~~~~~~
../Core/Src/main.c:24:1: note: include '<stdio.h>' or provide a declaration of 'sprintf'
   23 | #include "gpio.h"
  +++ |+#include <stdio.h>
   24 | 
../Core/Src/main.c:149:7: warning: incompatible implicit declaration of built-in function 'sprintf' [-Wbuiltin-declaration-mismatch]
  149 |       sprintf(msg, "R=%.2f, G=%.2f, B=%.2f\r\n", dutyR, dutyG, dutyB);
      |       ^~~~~~~
../Core/Src/main.c:149:7: note: include '<stdio.h>' or provide a declaration of 'sprintf'
arm-none-eabi-gcc -o "Lab07.elf" @"objects.list"   -mcpu=cortex-m7 -T"C:\Users\NITRO\STM32CubeIDE\workspace_1.19.0\Lab07\STM32F767ZITX_FLASH.ld" --specs=nosys.specs -Wl,-Map="Lab07.map" -Wl,--gc-sections -static --specs=nano.specs -mfpu=fpv5-d16 -mfloat-abi=hard -mthumb -u _printf_float -u _scanf_float -Wl,--start-group -lc -lm -Wl,--end-group
Finished building target: Lab07.elf
 
arm-none-eabi-size  Lab07.elf 
arm-none-eabi-objdump -h -S Lab07.elf  > "Lab07.list"
   text	   data	    bss	    dec	    hex	filename
  37640	    468	   2140	  40248	   9d38	Lab07.elf
Finished building: default.size.stdout
 
Finished building: Lab07.list
 

16:35:43 Build Finished. 0 errors, 6 warnings. (took 973ms)

