00:26:55 **** Incremental Build of configuration Debug for project Lab08 ****
make -j16 all 
arm-none-eabi-gcc "../Core/Src/main.c" -mcpu=cortex-m7 -std=gnu11 -g3 -DDEBUG -DUSE_HAL_DRIVER -DSTM32F767xx -c -I../Core/Inc -I../Drivers/STM32F7xx_HAL_Driver/Inc -I../Drivers/STM32F7xx_HAL_Driver/Inc/Legacy -I../Drivers/CMSIS/Device/ST/STM32F7xx/Include -I../Drivers/CMSIS/Include -O0 -ffunction-sections -fdata-sections -Wall -fstack-usage -fcyclomatic-complexity -MMD -MP -MF"Core/Src/main.d" -MT"Core/Src/main.o" --specs=nano.specs -mfpu=fpv5-d16 -mfloat-abi=hard -mthumb -o "Core/Src/main.o"
../Core/Src/main.c: In function 'main':
../Core/Src/main.c:232:25: warning: pointer targets in passing argument 1 of 'sprintf' differ in signedness [-Wpointer-sign]
  232 |                 sprintf(T_Buffer, "%4.1f C", t);
      |                         ^~~~~~~~
      |                         |
      |                         uint8_t * {aka unsigned char *}
In file included from ../Core/Src/main.c:36:
C:\ST\STM32CubeIDE_1.19.0\STM32CubeIDE\plugins\com.st.stm32cube.ide.mcu.externaltools.gnu-tools-for-stm32.13.3.rel1.win32_1.0.0.202411081344\tools\bin/../lib/gcc/arm-none-eabi/13.3.1/../../../../arm-none-eabi/include/stdio.h:250:18: note: expected 'char * restrict' but argument is of type 'uint8_t *' {aka 'unsigned char *'}
  250 | int     sprintf (char *__restrict, const char *__restrict, ...)
      |                  ^
../Core/Src/main.c:233:35: warning: pointer targets in passing argument 1 of 'ILI9341_Draw_Text' differ in signedness [-Wpointer-sign]
  233 |                 ILI9341_Draw_Text(T_Buffer, 60, 40, BLACK, 2, WHITE);
      |                                   ^~~~~~~~
      |                                   |
      |                                   uint8_t * {aka unsigned char *}
In file included from ../Core/Src/main.c:32:
../Core/Inc/ILI9341_GFX.h:60:36: note: expected 'const char *' but argument is of type 'uint8_t *' {aka 'unsigned char *'}
   60 | void ILI9341_Draw_Text(const char* Text, uint8_t X, uint8_t Y, uint16_t Colour, uint16_t Size, uint16_t Background_Colour);
      |                        ~~~~~~~~~~~~^~~~
../Core/Src/main.c:235:25: warning: pointer targets in passing argument 1 of 'sprintf' differ in signedness [-Wpointer-sign]
  235 |                 sprintf(H_Buffer, "%4.1f %%RH", h);
      |                         ^~~~~~~~
      |                         |
      |                         uint8_t * {aka unsigned char *}
C:\ST\STM32CubeIDE_1.19.0\STM32CubeIDE\plugins\com.st.stm32cube.ide.mcu.externaltools.gnu-tools-for-stm32.13.3.rel1.win32_1.0.0.202411081344\tools\bin/../lib/gcc/arm-none-eabi/13.3.1/../../../../arm-none-eabi/include/stdio.h:250:18: note: expected 'char * restrict' but argument is of type 'uint8_t *' {aka 'unsigned char *'}
  250 | int     sprintf (char *__restrict, const char *__restrict, ...)
      |                  ^
../Core/Src/main.c:236:35: warning: pointer targets in passing argument 1 of 'ILI9341_Draw_Text' differ in signedness [-Wpointer-sign]
  236 |                 ILI9341_Draw_Text(H_Buffer, 170, 40, BLACK, 2, WHITE);
      |                                   ^~~~~~~~
      |                                   |
      |                                   uint8_t * {aka unsigned char *}
../Core/Inc/ILI9341_GFX.h:60:36: note: expected 'const char *' but argument is of type 'uint8_t *' {aka 'unsigned char *'}
   60 | void ILI9341_Draw_Text(const char* Text, uint8_t X, uint8_t Y, uint16_t Colour, uint16_t Size, uint16_t Background_Colour);
      |                        ~~~~~~~~~~~~^~~~
../Core/Src/main.c:235:46: warning: 'sprintf' writing a terminating nul past the end of the destination [-Wformat-overflow=]
  235 |                 sprintf(H_Buffer, "%4.1f %%RH", h);
      |                                              ^
../Core/Src/main.c:235:17: note: 'sprintf' output between 9 and 317 bytes into a destination of size 8
  235 |                 sprintf(H_Buffer, "%4.1f %%RH", h);
      |                 ^~~~~~~~~~~~~~~~~~~~~~~~~~~~~~~~~~
arm-none-eabi-gcc -o "Lab08.elf" @"objects.list"   -mcpu=cortex-m7 -T"C:\Users\NITRO\STM32CubeIDE\workspace_1.19.0\Lab08\STM32F767ZITX_FLASH.ld" --specs=nosys.specs -Wl,-Map="Lab08.map" -Wl,--gc-sections -static --specs=nano.specs -mfpu=fpv5-d16 -mfloat-abi=hard -mthumb -u _printf_float -u _scanf_float -Wl,--start-group -lc -lm -Wl,--end-group
Finished building target: Lab08.elf
 
arm-none-eabi-size  Lab08.elf 
arm-none-eabi-objdump -h -S Lab08.elf  > "Lab08.list"
   text	   data	    bss	    dec	    hex	filename
  45192	    480	   2456	  48128	   bc00	Lab08.elf
Finished building: default.size.stdout
 
Finished building: Lab08.list
 

00:26:56 Build Finished. 0 errors, 5 warnings. (took 1s.264ms)

