13:49:11 **** Incremental Build of configuration Debug for project Lab05_sp ****
make -j16 all 
arm-none-eabi-gcc "../Core/Src/main.c" -mcpu=cortex-m7 -std=gnu11 -g3 -DDEBUG -DUSE_HAL_DRIVER -DSTM32F767xx -c -I../Core/Inc -I../Drivers/STM32F7xx_HAL_Driver/Inc -I../Drivers/STM32F7xx_HAL_Driver/Inc/Legacy -I../Drivers/CMSIS/Device/ST/STM32F7xx/Include -I../Drivers/CMSIS/Include -O0 -ffunction-sections -fdata-sections -Wall -fstack-usage -fcyclomatic-complexity -MMD -MP -MF"Core/Src/main.d" -MT"Core/Src/main.o" --specs=nano.specs -mfpu=fpv5-d16 -mfloat-abi=hard -mthumb -o "Core/Src/main.o"
../Core/Src/main.c: In function 'main':
../Core/Src/main.c:119:17: warning: implicit declaration of function 'average_8' [-Wimplicit-function-declaration]
  119 |           av8 = average_8(adc_val);
      |                 ^~~~~~~~~
../Core/Src/main.c:120:18: warning: implicit declaration of function 'average_16' [-Wimplicit-function-declaration]
  120 |           av16 = average_16(adc_val);
      |                  ^~~~~~~~~~
../Core/Src/main.c:159:11: warning: implicit declaration of function 'displayHEX' [-Wimplicit-function-declaration]
  159 |           displayHEX(adc_val);
      |           ^~~~~~~~~~
../Core/Src/main.c: At top level:
../Core/Src/main.c:213:6: warning: conflicting types for 'displayHEX'; have 'void(uint32_t)' {aka 'void(long unsigned int)'}
  213 | void displayHEX(uint32_t value){
      |      ^~~~~~~~~~
../Core/Src/main.c:159:11: note: previous implicit declaration of 'displayHEX' with type 'void(uint32_t)' {aka 'void(long unsigned int)'}
  159 |           displayHEX(adc_val);
      |           ^~~~~~~~~~
arm-none-eabi-gcc -o "Lab05_sp.elf" @"objects.list"   -mcpu=cortex-m7 -T"C:\Users\NITRO\STM32CubeIDE\workspace_1.19.0\Lab05_sp\STM32F767ZITX_FLASH.ld" --specs=nosys.specs -Wl,-Map="Lab05_sp.map" -Wl,--gc-sections -static --specs=nano.specs -mfpu=fpv5-d16 -mfloat-abi=hard -mthumb -u _printf_float -Wl,--start-group -lc -lm -Wl,--end-group
Finished building target: Lab05_sp.elf
 
arm-none-eabi-size  Lab05_sp.elf 
arm-none-eabi-objdump -h -S Lab05_sp.elf  > "Lab05_sp.list"
   text	   data	    bss	    dec	    hex	filename
  27624	    468	   2268	  30360	   7698	Lab05_sp.elf
Finished building: default.size.stdout
 
Finished building: Lab05_sp.list
 

13:49:12 Build Finished. 0 errors, 4 warnings. (took 1s.11ms)

